---
source: crates/rasm-parser/tests/lexer.rs
assertion_line: 12
expression: tokens
---
[
    Token {
        kind: Identifier,
        length: 6,
    },
    Token {
        kind: Whitespace,
        length: 1,
    },
    Token {
        kind: Identifier,
        length: 2,
    },
    Token {
        kind: Comma,
        length: 1,
    },
    Token {
        kind: Whitespace,
        length: 1,
    },
    Token {
        kind: Identifier,
        length: 2,
    },
    Token {
        kind: Comma,
        length: 1,
    },
    Token {
        kind: Whitespace,
        length: 1,
    },
    Token {
        kind: Identifier,
        length: 2,
    },
    Token {
        kind: Comma,
        length: 1,
    },
    Token {
        kind: Whitespace,
        length: 1,
    },
    Token {
        kind: Identifier,
        length: 3,
    },
    Token {
        kind: Whitespace,
        length: 1,
    },
    Token {
        kind: Number(
            Decimal,
        ),
        length: 2,
    },
]
